// Jest Snapshot v1, https://goo.gl/fbAQLP

exports[`Layout renders Layout component to match with snapshot 1`] = `<div />`;
